V3 3
FL "C:/Users/pc richard/Documents/EE4218/l1/lab1b/atc.vhd" 2014/02/12.09:43:18 O.61xd
EN work/atc 1392169408 FL "C:/Users/pc richard/Documents/EE4218/l1/lab1b/atc.vhd" \
      PB ieee/std_logic_1164 1308643377 PB ieee/NUMERIC_STD 1308643378
AR work/atc/Behavioral 1392169409 \
      FL "C:/Users/pc richard/Documents/EE4218/l1/lab1b/atc.vhd" EN work/atc 1392169408
